---
source: crates/jrsonnet-ir-parser/src/lib.rs
assertion_line: 1130
expression: "format!(\"{v:#?}\")"
---
Arr(
    [
        Import(
            Normal from virtual:<test>:1-7,
            Trivial(
                Str(
                    "a",
                ),
            ),
        ),
        Import(
            Str from virtual:<test>:13-22,
            Trivial(
                Str(
                    "b",
                ),
            ),
        ),
        Import(
            Bin from virtual:<test>:28-37,
            Trivial(
                Str(
                    "c",
                ),
            ),
        ),
    ],
)
