---
source: crates/jrsonnet-ir-parser/src/lib.rs
expression: "format!(\"{v:#?}\")"
---
Arr(
    [
        Literal(
            virtual:<test>:1-5,
            Null,
        ),
        Literal(
            virtual:<test>:7-11,
            True,
        ),
        Literal(
            virtual:<test>:13-18,
            False,
        ),
        Literal(
            virtual:<test>:20-24,
            This,
        ),
        Literal(
            virtual:<test>:26-31,
            Super,
        ),
        Literal(
            virtual:<test>:33-34,
            Dollar,
        ),
    ],
)
