---
source: crates/jrsonnet-evaluator/src/analyze.rs
assertion_line: 2175
expression: rendered
input_file: crates/jrsonnet-evaluator/src/analysis_tests/unused_local.jsonnet
---
--- source ---
local unused = 1; 2
--- root analysis ---
object_dependent_depth: none
local_dependent_depth: none
errored: false
--- diagnostics ---
   ·       ╭─────── unused local: unused
1  │ local unused = 1; 2 
2  │  
--- lir ---
LocalExpr(
    LLocalExpr {
        frame_shape: ClosureShape {
            captures: [],
            n_locals: 1,
        },
        binds: [
            LBind {
                destruct: Full(
                    LocalSlot(
                        0,
                    ),
                ),
                value_shape: ClosureShape {
                    captures: [],
                    n_locals: 0,
                },
                value: Trivial(
                    Num(
                        1.0,
                    ),
                ),
            },
        ],
        body: Trivial(
            Num(
                2.0,
            ),
        ),
    },
)
