---
source: crates/jrsonnet-evaluator/src/analyze.rs
expression: rendered
input_file: crates/jrsonnet-evaluator/src/analyze_tests/literal.jsonnet
---
--- source ---
42
--- root analysis ---
object_dependent_depth: none
local_dependent_depth: none
errored: false
--- diagnostics ---
--- lir ---
Num(
    42.0,
)
