---
source: crates/jrsonnet-evaluator/src/analyze.rs
assertion_line: 2175
expression: rendered
input_file: crates/jrsonnet-evaluator/src/analysis_tests/slice.jsonnet
---
--- source ---
[1, 2, 3, 4, 5][1:3]
--- root analysis ---
object_dependent_depth: none
local_dependent_depth: none
errored: false
--- diagnostics ---
--- lir ---
Slice(
    LSliceExpr {
        value: ArrConst(
            [
                Num(
                    1.0,
                ),
                Num(
                    2.0,
                ),
                Num(
                    3.0,
                ),
                Num(
                    4.0,
                ),
                Num(
                    5.0,
                ),
            ],
        ),
        start: Some(
            Trivial(
                Num(
                    1.0,
                ),
            ),
        ),
        end: Some(
            Trivial(
                Num(
                    3.0,
                ),
            ),
        ),
        step: None,
    },
)
