---
source: crates/jrsonnet-evaluator/src/analyze.rs
assertion_line: 2175
expression: rendered
input_file: crates/jrsonnet-evaluator/src/analysis_tests/redeclared_local.jsonnet
---
--- source ---
local x = 1, x = 2; x
--- root analysis ---
object_dependent_depth: none
local_dependent_depth: 0
errored: true
--- diagnostics ---
   ·              ╭── local is already defined in the current frame: x
1  │ local x = 1, x = 2; x 
2  │  
--- lir ---
LocalExpr(
    LLocalExpr {
        frame_shape: ClosureShape {
            captures: [],
            n_locals: 1,
        },
        binds: [
            LBind {
                destruct: Full(
                    LocalSlot(
                        0,
                    ),
                ),
                value_shape: ClosureShape {
                    captures: [],
                    n_locals: 0,
                },
                value: Trivial(
                    Num(
                        1.0,
                    ),
                ),
            },
        ],
        body: Slot(
            Local(
                LocalSlot(
                    0,
                ),
            ),
        ),
    },
)
