---
source: crates/jrsonnet-evaluator/src/analyze.rs
assertion_line: 2175
expression: rendered
input_file: crates/jrsonnet-evaluator/src/analysis_tests/super_outside_object.jsonnet
---
--- source ---
super.a
--- root analysis ---
object_dependent_depth: none
local_dependent_depth: none
errored: true
--- diagnostics ---
   · ╭────── `super` used outside of object
1  │ super.a 
2  │  
--- lir ---
Index {
    indexable: BadLocal(
        "super",
    ),
    parts: [
        LIndexPart {
            span: virtual:<test>:6-7,
            value: Trivial(
                Str(
                    "a",
                ),
            ),
        },
    ],
}
