---
source: crates/jrsonnet-evaluator/src/analyze.rs
expression: rendered
input_file: crates/jrsonnet-evaluator/src/analysis_tests/object_self.jsonnet
---
--- source ---
{ a: 1, b: self.a }
--- root analysis ---
object_dependent_depth: 0
local_dependent_depth: 0
errored: false
--- diagnostics ---
--- lir ---
Obj(
    StaticMembers(
        LObjStaticMembers {
            frame_shape: ClosureShape {
                captures: [],
                n_locals: 1,
            },
            this: Some(
                LocalSlot(
                    0,
                ),
            ),
            set_dollar: false,
            uses_super: false,
            locals: [],
            asserts: None,
            shape: ObjShape {
                fields: [
                    ShapeField {
                        name: "a",
                        flags: ObjFieldFlags {
                            add: false,
                            visibility: Normal,
                        },
                        location: None,
                        index: FieldIndex(
                            (),
                        ),
                    },
                    ShapeField {
                        name: "b",
                        flags: ObjFieldFlags {
                            add: false,
                            visibility: Normal,
                        },
                        location: None,
                        index: FieldIndex(
                            (),
                        ),
                    },
                ],
            },
            bindings: [
                (
                    ClosureShape {
                        captures: [],
                        n_locals: 0,
                    },
                    Trivial(
                        Num(
                            1.0,
                        ),
                    ),
                ),
                (
                    ClosureShape {
                        captures: [],
                        n_locals: 0,
                    },
                    Index {
                        indexable: Slot(
                            Local(
                                LocalSlot(
                                    0,
                                ),
                            ),
                        ),
                        parts: [
                            LIndexPart {
                                span: virtual:<test>:16-17,
                                value: Trivial(
                                    Str(
                                        "a",
                                    ),
                                ),
                            },
                        ],
                    },
                ),
            ],
        },
    ),
)
